Case 1: Hajj-e-Akbar
Case 2: Hajj-e-Akbar
Case 3: Hajj-e-Asghar
Case 4: Hajj-e-Asghar
Case 5: Hajj-e-Akbar
Case 6: Hajj-e-Asghar
Case 7: Hajj-e-Akbar
Case 8: Hajj-e-Asghar
