Case 1: 0
Case 2: 1
Case 3: 2
Case 4: 2
Case 5: 3
Case 6: 3
Case 7: 3
Case 8: 3
Case 9: 4
Case 10: 4
Case 11: 4
Case 12: 4
Case 13: 4
Case 14: 4
Case 15: 4
Case 16: 4
Case 17: 5
Case 18: 5
Case 19: 5
Case 20: 5
Case 21: 5
Case 22: 5
Case 23: 5
Case 24: 5
Case 25: 5
Case 26: 5
Case 27: 5
Case 28: 5
Case 29: 5
Case 30: 5
Case 31: 5
Case 32: 5
Case 33: 6
Case 34: 6
Case 35: 6
Case 36: 6
Case 37: 6
Case 38: 6
Case 39: 6
Case 40: 6
Case 41: 6
Case 42: 6
Case 43: 6
Case 44: 6
Case 45: 6
Case 46: 6
Case 47: 6
Case 48: 6
Case 49: 6
Case 50: 6
Case 51: 6
Case 52: 6
Case 53: 6
Case 54: 6
Case 55: 6
Case 56: 6
Case 57: 6
Case 58: 6
Case 59: 6
Case 60: 6
Case 61: 6
Case 62: 6
Case 63: 6
Case 64: 6
Case 65: 7
Case 66: 7
Case 67: 7
Case 68: 7
Case 69: 7
Case 70: 7
Case 71: 7
Case 72: 7
Case 73: 7
Case 74: 7
Case 75: 7
Case 76: 7
Case 77: 7
Case 78: 7
Case 79: 7
Case 80: 7
Case 81: 7
Case 82: 7
Case 83: 7
Case 84: 7
Case 85: 7
Case 86: 7
Case 87: 7
Case 88: 7
Case 89: 7
Case 90: 7
Case 91: 7
Case 92: 7
Case 93: 7
Case 94: 7
Case 95: 7
Case 96: 7
Case 97: 7
Case 98: 7
Case 99: 7
Case 100: 7
Case 101: 7
Case 102: 7
Case 103: 7
Case 104: 7
Case 105: 7
Case 106: 7
Case 107: 7
Case 108: 7
Case 109: 7
Case 110: 7
Case 111: 7
Case 112: 7
Case 113: 7
Case 114: 7
Case 115: 7
Case 116: 7
Case 117: 7
Case 118: 7
Case 119: 7
Case 120: 7
Case 121: 7
Case 122: 7
Case 123: 7
Case 124: 7
Case 125: 7
Case 126: 7
Case 127: 7
Case 128: 7
Case 129: 8
Case 130: 8
Case 131: 8
Case 132: 8
Case 133: 8
Case 134: 8
Case 135: 8
Case 136: 8
Case 137: 8
Case 138: 8
Case 139: 8
Case 140: 8
Case 141: 8
Case 142: 8
Case 143: 8
Case 144: 8
Case 145: 8
Case 146: 8
Case 147: 8
Case 148: 8
Case 149: 8
Case 150: 8
Case 151: 8
Case 152: 8
Case 153: 8
Case 154: 8
Case 155: 8
Case 156: 8
Case 157: 8
Case 158: 8
Case 159: 8
Case 160: 8
Case 161: 8
Case 162: 8
Case 163: 8
Case 164: 8
Case 165: 8
Case 166: 8
Case 167: 8
Case 168: 8
Case 169: 8
Case 170: 8
Case 171: 8
Case 172: 8
Case 173: 8
Case 174: 8
Case 175: 8
Case 176: 8
Case 177: 8
Case 178: 8
Case 179: 8
Case 180: 8
Case 181: 8
Case 182: 8
Case 183: 8
Case 184: 8
Case 185: 8
Case 186: 8
Case 187: 8
Case 188: 8
Case 189: 8
Case 190: 8
Case 191: 8
Case 192: 8
Case 193: 8
Case 194: 8
Case 195: 8
Case 196: 8
Case 197: 8
Case 198: 8
Case 199: 8
Case 200: 8
Case 201: 8
Case 202: 8
Case 203: 8
Case 204: 8
Case 205: 8
Case 206: 8
Case 207: 8
Case 208: 8
Case 209: 8
Case 210: 8
Case 211: 8
Case 212: 8
Case 213: 8
Case 214: 8
Case 215: 8
Case 216: 8
Case 217: 8
Case 218: 8
Case 219: 8
Case 220: 8
Case 221: 8
Case 222: 8
Case 223: 8
Case 224: 8
Case 225: 8
Case 226: 8
Case 227: 8
Case 228: 8
Case 229: 8
Case 230: 8
Case 231: 8
Case 232: 8
Case 233: 8
Case 234: 8
Case 235: 8
Case 236: 8
Case 237: 8
Case 238: 8
Case 239: 8
Case 240: 8
Case 241: 8
Case 242: 8
Case 243: 8
Case 244: 8
Case 245: 8
Case 246: 8
Case 247: 8
Case 248: 8
Case 249: 8
Case 250: 8
Case 251: 8
Case 252: 8
Case 253: 8
Case 254: 8
Case 255: 8
Case 256: 8
Case 257: 9
Case 258: 9
Case 259: 9
Case 260: 9
Case 261: 9
Case 262: 9
Case 263: 9
Case 264: 9
Case 265: 9
Case 266: 9
Case 267: 9
Case 268: 9
Case 269: 9
Case 270: 9
Case 271: 9
Case 272: 9
Case 273: 9
Case 274: 9
Case 275: 9
Case 276: 9
Case 277: 9
Case 278: 9
Case 279: 9
Case 280: 9
Case 281: 9
Case 282: 9
Case 283: 9
Case 284: 9
Case 285: 9
Case 286: 9
Case 287: 9
Case 288: 9
Case 289: 9
Case 290: 9
Case 291: 9
Case 292: 9
Case 293: 9
Case 294: 9
Case 295: 9
Case 296: 9
Case 297: 9
Case 298: 9
Case 299: 9
Case 300: 9
Case 301: 9
Case 302: 9
Case 303: 9
Case 304: 9
Case 305: 9
Case 306: 9
Case 307: 9
Case 308: 9
Case 309: 9
Case 310: 9
Case 311: 9
Case 312: 9
Case 313: 9
Case 314: 9
Case 315: 9
Case 316: 9
Case 317: 9
Case 318: 9
Case 319: 9
Case 320: 9
Case 321: 9
Case 322: 9
Case 323: 9
Case 324: 9
Case 325: 9
Case 326: 9
Case 327: 9
Case 328: 9
Case 329: 9
Case 330: 9
Case 331: 9
Case 332: 9
Case 333: 9
Case 334: 9
Case 335: 9
Case 336: 9
Case 337: 9
Case 338: 9
Case 339: 9
Case 340: 9
Case 341: 9
Case 342: 9
Case 343: 9
Case 344: 9
Case 345: 9
Case 346: 9
Case 347: 9
Case 348: 9
Case 349: 9
Case 350: 9
Case 351: 9
Case 352: 9
Case 353: 9
Case 354: 9
Case 355: 9
Case 356: 9
Case 357: 9
Case 358: 9
Case 359: 9
Case 360: 9
Case 361: 9
Case 362: 9
Case 363: 9
Case 364: 9
Case 365: 9
Case 366: 9
Case 367: 9
Case 368: 9
Case 369: 9
Case 370: 9
Case 371: 9
Case 372: 9
Case 373: 9
Case 374: 9
Case 375: 9
Case 376: 9
Case 377: 9
Case 378: 9
Case 379: 9
Case 380: 9
Case 381: 9
Case 382: 9
Case 383: 9
Case 384: 9
Case 385: 9
Case 386: 9
Case 387: 9
Case 388: 9
Case 389: 9
Case 390: 9
Case 391: 9
Case 392: 9
Case 393: 9
Case 394: 9
Case 395: 9
Case 396: 9
Case 397: 9
Case 398: 9
Case 399: 9
Case 400: 9
Case 401: 9
Case 402: 9
Case 403: 9
Case 404: 9
Case 405: 9
Case 406: 9
Case 407: 9
Case 408: 9
Case 409: 9
Case 410: 9
Case 411: 9
Case 412: 9
Case 413: 9
Case 414: 9
Case 415: 9
Case 416: 9
Case 417: 9
Case 418: 9
Case 419: 9
Case 420: 9
Case 421: 9
Case 422: 9
Case 423: 9
Case 424: 9
Case 425: 9
Case 426: 9
Case 427: 9
Case 428: 9
Case 429: 9
Case 430: 9
Case 431: 9
Case 432: 9
Case 433: 9
Case 434: 9
Case 435: 9
Case 436: 9
Case 437: 9
Case 438: 9
Case 439: 9
Case 440: 9
Case 441: 9
Case 442: 9
Case 443: 9
Case 444: 9
Case 445: 9
Case 446: 9
Case 447: 9
Case 448: 9
Case 449: 9
Case 450: 9
Case 451: 9
Case 452: 9
Case 453: 9
Case 454: 9
Case 455: 9
Case 456: 9
Case 457: 9
Case 458: 9
Case 459: 9
Case 460: 9
Case 461: 9
Case 462: 9
Case 463: 9
Case 464: 9
Case 465: 9
Case 466: 9
Case 467: 9
Case 468: 9
Case 469: 9
Case 470: 9
Case 471: 9
Case 472: 9
Case 473: 9
Case 474: 9
Case 475: 9
Case 476: 9
Case 477: 9
Case 478: 9
Case 479: 9
Case 480: 9
Case 481: 9
Case 482: 9
Case 483: 9
Case 484: 9
Case 485: 9
Case 486: 9
Case 487: 9
Case 488: 9
Case 489: 9
Case 490: 9
Case 491: 9
Case 492: 9
Case 493: 9
Case 494: 9
Case 495: 9
Case 496: 9
Case 497: 9
Case 498: 9
Case 499: 9
Case 500: 9
Case 501: 9
Case 502: 9
Case 503: 9
Case 504: 9
Case 505: 9
Case 506: 9
Case 507: 9
Case 508: 9
Case 509: 9
Case 510: 9
Case 511: 9
Case 512: 9
Case 513: 10
Case 514: 10
Case 515: 10
Case 516: 10
Case 517: 10
Case 518: 10
Case 519: 10
Case 520: 10
Case 521: 10
Case 522: 10
Case 523: 10
Case 524: 10
Case 525: 10
Case 526: 10
Case 527: 10
Case 528: 10
Case 529: 10
Case 530: 10
Case 531: 10
Case 532: 10
Case 533: 10
Case 534: 10
Case 535: 10
Case 536: 10
Case 537: 10
Case 538: 10
Case 539: 10
Case 540: 10
Case 541: 10
Case 542: 10
Case 543: 10
Case 544: 10
Case 545: 10
Case 546: 10
Case 547: 10
Case 548: 10
Case 549: 10
Case 550: 10
Case 551: 10
Case 552: 10
Case 553: 10
Case 554: 10
Case 555: 10
Case 556: 10
Case 557: 10
Case 558: 10
Case 559: 10
Case 560: 10
Case 561: 10
Case 562: 10
Case 563: 10
Case 564: 10
Case 565: 10
Case 566: 10
Case 567: 10
Case 568: 10
Case 569: 10
Case 570: 10
Case 571: 10
Case 572: 10
Case 573: 10
Case 574: 10
Case 575: 10
Case 576: 10
Case 577: 10
Case 578: 10
Case 579: 10
Case 580: 10
Case 581: 10
Case 582: 10
Case 583: 10
Case 584: 10
Case 585: 10
Case 586: 10
Case 587: 10
Case 588: 10
Case 589: 10
Case 590: 10
Case 591: 10
Case 592: 10
Case 593: 10
Case 594: 10
Case 595: 10
Case 596: 10
Case 597: 10
Case 598: 10
Case 599: 10
Case 600: 10
Case 601: 10
Case 602: 10
Case 603: 10
Case 604: 10
Case 605: 10
Case 606: 10
Case 607: 10
Case 608: 10
Case 609: 10
Case 610: 10
Case 611: 10
Case 612: 10
Case 613: 10
Case 614: 10
Case 615: 10
Case 616: 10
Case 617: 10
Case 618: 10
Case 619: 10
Case 620: 10
Case 621: 10
Case 622: 10
Case 623: 10
Case 624: 10
Case 625: 10
Case 626: 10
Case 627: 10
Case 628: 10
Case 629: 10
Case 630: 10
Case 631: 10
Case 632: 10
Case 633: 10
Case 634: 10
Case 635: 10
Case 636: 10
Case 637: 10
Case 638: 10
Case 639: 10
Case 640: 10
Case 641: 10
Case 642: 10
Case 643: 10
Case 644: 10
Case 645: 10
Case 646: 10
Case 647: 10
Case 648: 10
Case 649: 10
Case 650: 10
Case 651: 10
Case 652: 10
Case 653: 10
Case 654: 10
Case 655: 10
Case 656: 10
Case 657: 10
Case 658: 10
Case 659: 10
Case 660: 10
Case 661: 10
Case 662: 10
Case 663: 10
Case 664: 10
Case 665: 10
Case 666: 10
Case 667: 10
Case 668: 10
Case 669: 10
Case 670: 10
Case 671: 10
Case 672: 10
Case 673: 10
Case 674: 10
Case 675: 10
Case 676: 10
Case 677: 10
Case 678: 10
Case 679: 10
Case 680: 10
Case 681: 10
Case 682: 10
Case 683: 10
Case 684: 10
Case 685: 10
Case 686: 10
Case 687: 10
Case 688: 10
Case 689: 10
Case 690: 10
Case 691: 10
Case 692: 10
Case 693: 10
Case 694: 10
Case 695: 10
Case 696: 10
Case 697: 10
Case 698: 10
Case 699: 10
Case 700: 10
Case 701: 10
Case 702: 10
Case 703: 10
Case 704: 10
Case 705: 10
Case 706: 10
Case 707: 10
Case 708: 10
Case 709: 10
Case 710: 10
Case 711: 10
Case 712: 10
Case 713: 10
Case 714: 10
Case 715: 10
Case 716: 10
Case 717: 10
Case 718: 10
Case 719: 10
Case 720: 10
Case 721: 10
Case 722: 10
Case 723: 10
Case 724: 10
Case 725: 10
Case 726: 10
Case 727: 10
Case 728: 10
Case 729: 10
Case 730: 10
Case 731: 10
Case 732: 10
Case 733: 10
Case 734: 10
Case 735: 10
Case 736: 10
Case 737: 10
Case 738: 10
Case 739: 10
Case 740: 10
Case 741: 10
Case 742: 10
Case 743: 10
Case 744: 10
Case 745: 10
Case 746: 10
Case 747: 10
Case 748: 10
Case 749: 10
Case 750: 10
Case 751: 10
Case 752: 10
Case 753: 10
Case 754: 10
Case 755: 10
Case 756: 10
Case 757: 10
Case 758: 10
Case 759: 10
Case 760: 10
Case 761: 10
Case 762: 10
Case 763: 10
Case 764: 10
Case 765: 10
Case 766: 10
Case 767: 10
Case 768: 10
Case 769: 10
Case 770: 10
Case 771: 10
Case 772: 10
Case 773: 10
Case 774: 10
Case 775: 10
Case 776: 10
Case 777: 10
Case 778: 10
Case 779: 10
Case 780: 10
Case 781: 10
Case 782: 10
Case 783: 10
Case 784: 10
Case 785: 10
Case 786: 10
Case 787: 10
Case 788: 10
Case 789: 10
Case 790: 10
Case 791: 10
Case 792: 10
Case 793: 10
Case 794: 10
Case 795: 10
Case 796: 10
Case 797: 10
Case 798: 10
Case 799: 10
Case 800: 10
Case 801: 10
Case 802: 10
Case 803: 10
Case 804: 10
Case 805: 10
Case 806: 10
Case 807: 10
Case 808: 10
Case 809: 10
Case 810: 10
Case 811: 10
Case 812: 10
Case 813: 10
Case 814: 10
Case 815: 10
Case 816: 10
Case 817: 10
Case 818: 10
Case 819: 10
Case 820: 10
Case 821: 10
Case 822: 10
Case 823: 10
Case 824: 10
Case 825: 10
Case 826: 10
Case 827: 10
Case 828: 10
Case 829: 10
Case 830: 10
Case 831: 10
Case 832: 10
Case 833: 10
Case 834: 10
Case 835: 10
Case 836: 10
Case 837: 10
Case 838: 10
Case 839: 10
Case 840: 10
Case 841: 10
Case 842: 10
Case 843: 10
Case 844: 10
Case 845: 10
Case 846: 10
Case 847: 10
Case 848: 10
Case 849: 10
Case 850: 10
Case 851: 10
Case 852: 10
Case 853: 10
Case 854: 10
Case 855: 10
Case 856: 10
Case 857: 10
Case 858: 10
Case 859: 10
Case 860: 10
Case 861: 10
Case 862: 10
Case 863: 10
Case 864: 10
Case 865: 10
Case 866: 10
Case 867: 10
Case 868: 10
Case 869: 10
Case 870: 10
Case 871: 10
Case 872: 10
Case 873: 10
Case 874: 10
Case 875: 10
Case 876: 10
Case 877: 10
Case 878: 10
Case 879: 10
Case 880: 10
Case 881: 10
Case 882: 10
Case 883: 10
Case 884: 10
Case 885: 10
Case 886: 10
Case 887: 10
Case 888: 10
Case 889: 10
Case 890: 10
Case 891: 10
Case 892: 10
Case 893: 10
Case 894: 10
Case 895: 10
Case 896: 10
Case 897: 10
Case 898: 10
Case 899: 10
Case 900: 10
Case 901: 10
Case 902: 10
Case 903: 10
Case 904: 10
Case 905: 10
Case 906: 10
Case 907: 10
Case 908: 10
Case 909: 10
Case 910: 10
Case 911: 10
Case 912: 10
Case 913: 10
Case 914: 10
Case 915: 10
Case 916: 10
Case 917: 10
Case 918: 10
Case 919: 10
Case 920: 10
Case 921: 10
Case 922: 10
Case 923: 10
Case 924: 10
Case 925: 10
Case 926: 10
Case 927: 10
Case 928: 10
Case 929: 10
Case 930: 10
Case 931: 10
Case 932: 10
Case 933: 10
Case 934: 10
Case 935: 10
Case 936: 10
Case 937: 10
Case 938: 10
Case 939: 10
Case 940: 10
Case 941: 10
Case 942: 10
Case 943: 10
Case 944: 10
Case 945: 10
Case 946: 10
Case 947: 10
Case 948: 10
Case 949: 10
Case 950: 10
Case 951: 10
Case 952: 10
Case 953: 10
Case 954: 10
Case 955: 10
Case 956: 10
Case 957: 10
Case 958: 10
Case 959: 10
Case 960: 10
Case 961: 10
Case 962: 10
Case 963: 10
Case 964: 10
Case 965: 10
Case 966: 10
Case 967: 10
Case 968: 10
Case 969: 10
Case 970: 10
Case 971: 10
Case 972: 10
Case 973: 10
Case 974: 10
Case 975: 10
Case 976: 10
Case 977: 10
Case 978: 10
Case 979: 10
Case 980: 10
Case 981: 10
Case 982: 10
Case 983: 10
Case 984: 10
Case 985: 10
Case 986: 10
Case 987: 10
Case 988: 10
Case 989: 10
Case 990: 10
Case 991: 10
Case 992: 10
Case 993: 10
Case 994: 10
Case 995: 10
Case 996: 10
Case 997: 10
Case 998: 10
Case 999: 10
Case 1000: 10
